Create a Repository on GitHub
Sign into GitHub, and we'll create a new repository by clicking the + icon near the top right. Select New Repository, and name it Blocbox.

Within Terminal, we'll type:

$ git init
$ git add .
$ git status
$ git commit -m "First commit"
$ git remote add origin https://github.com/<username>/Blocbox.git
$ git push -u origin master

push to repo 

$ git status
$ git add .
$ git commit -m "Design tools completed"
$ git push origin master


====
2019-06-04

Last login: Tue May 21 19:24:10 on console
02:34:25-danielfuerman~$ git init
Initialized empty Git repository in /Users/danielfuerman/.git/
02:37:22-danielfuerman~ (master)$ git add .
  
warning: adding embedded git repository: Desktop/bloc/bloc-jams
hint: You've added another git repository inside your current repository.
hint: Clones of the outer repository will not contain the contents of
hint: the embedded repository and will not know how to obtain it.
hint: If you meant to add a submodule, use:
hint: 
hint: 	git submodule add <url> Desktop/bloc/bloc-jams
hint: 
hint: If you added this path by mistake, you can remove it from the
hint: index with:
hint: 
hint: 	git rm --cached Desktop/bloc/bloc-jams
hint: 
hint: See "git help submodule" for more information.
warning: adding embedded git repository: Desktop/bloc/shopping_cart
warning: adding embedded git repository: Desktop/bloc/the_pantry
ls
git rm --cached Desktop/bloc/bloc-jams
$ git rm --cached Desktop/bloc/bloc-jams
warning: adding embedded git repository: Google Drive/EDUCATION/BLOC/2_Design Foundations/Blocbox
warning: adding embedded git repository: Google Drive/EDUCATION/BLOC/2_Design Foundations/Blockbox_new
fatal: unable to stat 'Google Drive/EDUCATION/BLOC/Chickee Portfolio/Brand Identity/Chickee Brand Identity.gdoc': No such file or directory
03:41:52-danielfuerman~ (master)$ 
03:41:52-danielfuerman~ (master)$ ls
AnacondaProjects
Applications
Creative Cloud Files
Desktop
Documents
Downloads
Dropbox
Google Drive
Graboid
IDrive Downloads
IDrive-Sync
Library
Movies
Music
Pictures
Public
README.md
Recent Files:Folders (7 days).savedSearch
Retrieved Contents
Untitled.ipynb
UserConversion
anaconda
screenrecorder.log
03:41:53-danielfuerman~ (master)$ git rm --cached Desktop/bloc/bloc-jams
fatal: pathspec 'Desktop/bloc/bloc-jams' did not match any files
03:41:53-danielfuerman~ (master)$ $ git rm --cached Desktop/bloc/bloc-jams
-bash: $: command not found
03:41:53-danielfuerman~ (master)$ mkdir ChickeePortfolio
11:30:41-danielfuerman~ (master)$ cd ChickeePortfolio
11:30:49-danielfuerman~/ChickeePortfolio (master)$ git init
Initialized empty Git repository in /Users/danielfuerman/ChickeePortfolio/.git/
11:31:00-danielfuerman~/ChickeePortfolio (master)$ add .
-bash: add: command not found
11:31:15-danielfuerman~/ChickeePortfolio (master)$ git add .
11:31:20-danielfuerman~/ChickeePortfolio (master)$ git commit -m "First Commit"
On branch master

Initial commit

nothing to commit
11:31:33-danielfuerman~/ChickeePortfolio (master)$ git remote add originhttps://github.com/Chickeekay/ChickeePortfolio.git
usage: git remote add [<options>] <name> <url>

    -f, --fetch           fetch the remote branches
    --tags                import all tags and associated objects when fetching
                          or do not fetch any tag at all (--no-tags)
    -t, --track <branch>  branch(es) to track
    -m, --master <branch>
                          master branch
    --mirror[=<push|fetch>]
                          set up remote as a mirror to push to or fetch from

11:39:01-danielfuerman~/ChickeePortfolio (master)$ git push -u origin master
error: src refspec master does not match any.
error: failed to push some refs to 'origin'
11:39:20-danielfuerman~/ChickeePortfolio (master)$ git remote add origin https://github.com/Chickeekay/ChickeePortfolio.git
11:41:30-danielfuerman~/ChickeePortfolio (master)$ git push -u origin master
error: src refspec master does not match any.
error: failed to push some refs to 'https://github.com/Chickeekay/ChickeePortfolio.git'
11:41:38-danielfuerman~/ChickeePortfolio (master)$ git remote add origin https://github.com/Chickeekay/ChickeePortfolio .git
usage: git remote add [<options>] <name> <url>

    -f, --fetch           fetch the remote branches
    --tags                import all tags and associated objects when fetching
                          or do not fetch any tag at all (--no-tags)
    -t, --track <branch>  branch(es) to track
    -m, --master <branch>
                          master branch
    --mirror[=<push|fetch>]
                          set up remote as a mirror to push to or fetch from

11:46:39-danielfuerman~/ChickeePortfolio (master)$ git remote add origin https://github.com/Chickeekay/ChickeePortfolio.git
fatal: remote origin already exists.
11:52:25-danielfuerman~/ChickeePortfolio (master)$ ls
12:00:42-danielfuerman~/ChickeePortfolio (master)$ 
